[0m[1mÄÄ[0m-[1mÜÜ[30mÄ[0mÄ[1mÄÄÄ[0m-[1mÜÜ[32mÜÜ[0mÄ[1mÄÄÄÄÄÄÄÄÄÄÄ[0m-[1mÜ[30mÄ[0mÄ[1mÄÄÄÄÄÄÄÄÄÄÄÄÄÄÄÄÄÄÄÄÄÄÄÄÄÄÄÄÄÄÄÄÄÄÄÄÄÄÄÄÄÄÄÄÄÄÄÄ[0m
 [35mÍÍ[1;37mÞ[32mÛ[42mß[40mÜ[0m [35mÍÍ[37m [1mÛ[32;42mÚ[30m°[0m [35mÍÍÍÍÍÍÍÍÍÍÍÍ[30mÜ[1;37mÛ[32;42mß[40mÜ[0m [35mÍÍÍÍÍÍÍÍÍÍÍÍÍÍÍÍÍÍÍÍÍÍÍÍÍÍÍÍÍÍÍÍÍÍ[1mÍÍþÍÍ[0;35mÍÍÍÍÍÍÍÍ[37m
[1m ÄÄ[0m-[1;32mÛ[42m³[0;32mÛ[1;42mß[40mÜ[30mÄ[0m-[1;32;42mÛ³[30m°[40mÄ[37mÜÜ[32mÜÜ[30mÄ[37mÄÜ[32mÜÜÜÜ[30mÄ[0m-[1;32;42mÛ³[30m°[40mÄ[0mÄ[1mÄ[0m-[1mß[32;42mß[40mÜ[30mÄ[0mÄ-[1mÜ[32mÜÜ[30mÄ[0m-[1mÜÜ[32mÜÜÜ[30mÄ[0m-[1mÜÜ[32mÜÜ[30mÄ[0m-[1mÜÜ[32mÜÜÜ[30mÄ[0mÄ[1mÄÄÄÄÄÄÄÄÄÄÄÄ[0m
 [35mÍÍ[37m [1;32;42mÛ³[30m°[0;32mÛÛ[1;42mß[40mÜ[42mÛ³[30m°[0m [1mÛ[32;42mÚ[0;32mßß[1mß[0;35mÍ [1;32mß[42mÜ³[0;32mß[1mß[0;30mß[1;32;42mÛ³[30m°[0m [35mÍÍ [1;32mÜÜÜ[0m  [1mÛ[32;42mÚ[0;32mßß[1mß[0;35mÍ [1;32mß[42mÜ³[0;32mß[1mß[0m [1mÛ[32;42mÚ[0;32mßß[1mß[0m [1mÛ[32;42mÚ[0;32mß[30;42mÜ[32;40mÛ[1;42mß[0m [35mÍÍÍÍ[1mÍÍþÍÍ[0;35mÍÍÍÍ[37m
[1m  [0mÄ-[1;32;42mÛ³[30m°[40mÄ[0;32mßÛÛ[1;42mß³[30m°[40mÄ[32;42mÛ³ßß[0;32m [1;30mÄ[0mÄÄ[1;32;42mÛ³[30;40mÄ[0;35m [37m-[1;32;42mÛ³[30m°[40mÄ[0mÄÄÄ-[1;32;42mÛ³[30;40mÄ[0m-[1;32mß[42mÀÄ¿[0;30;42mß[1;40mÄ[0mÄ-[1;32;42mÛ³[30;40mÄ[0mÄ-[1;32;42mÛ³ßß[0;32m [1;30m-[32;42mÛ³[0;32mÛÛ[1;30;42m°[0;32mß[1;30mÄ[0mÄÄÄÄÄÄÄÄÄÄÄ
 [35mÍÍ[37m [1;32;42mÛ³[30m°[0m [35mÍÍ[32mßÛ[1;42m³[30m°[0m [1;32;42mÛ³[0m [35mÍÍÍÍ[37m [1;32;42mÛ[30m°[0;35m Í[37m [1;32;42mÛ³[30m°[0m [35mÍÍÍ[37m [1;32;42mÛ[30m°[0m [35mÍÍÍ[32m [1;42mÛ[0;32mÛÝ[35mÍ[37m [1;32;42mÛ[30m°[0m [35mÍ [1;32;42mÛ³[0m [35mÍÍ[37m [1;32;42mÛ³[0;32mß[1;30;42m°[0;32mÜ[37m [35mÍÍÍ[1mÍÍþÍÍ[0;35mÍÍÍÍÍÍ[37m
   [1;32mÞ[42mÝÙ[30m°[40mÄ[0mÄÄÄ-[32mß[1;30;42m°[0;32mÝ[1;42mÛ[30m°[32mßß[40mÜ[30mÄ[0mÄ[1;32mÞ[42mÝ[30m°[40mÄ[0mÄ[1;32mÞ[42mÛÀ[0;32mÛÛÛ[1;30;42m°[0;32mÜ[1mÞÛ[0;32mÛÜ[1;30mÄ[32;42mÛßß[0;32mÛ[1;30;42m°[40mÄ[0mÄ[1;32mÞ[42mÝ[30m°[40mÄ[0mÄ-[1;32;42mÛ[30m°[32mßß[40mÜ[30m-[32;42mÛ[30m°[0;30;42mÛ[1;40m-[0;32mß[1;30;42m°[0;30;42mß[1;40mÄ[0mÄÄÄÄÄÄÄÄÄ
 [35m.[37m [1;32mß[0m                       [1;32mß[0m                                     [32mßÝ[37m [1;30mú[0;35mÍ[1mÍÍþÍÍ[0;35mÍ[1;30mú[0m
    [1;30mÄÄÄÄÄÄÄÄÄÄÄÄÄÄÄÄÄÄÄÄÄÄÄÄÄÄÄÄÄÄÄÄÄÄÄÄÄÄÄÄÄÄÄÄÄÄÄÄÄÄÄÄÄÄÄÄÄÄÄÄÄÄÄÄÄÄÄÄÄÄÄ[0m
 [35mú[37m                                                                     [1;30mú[0;35mÍ[1mÍþÍ[0;35mÍ[1;30mú[0m
     [1;30mÄÄÄÄÄÄÄÄÄÄÄÄÄÄÄÄÄÄÄÄÄÄÄÄÄÄÄÄÄÄÄÄÄÄÄÄÄÄÄÄÄÄÄÄÄÄÄÄÄÄÄÄÄÄÄÄÄÄÄÄÄÄÄÄÄÄÄÄÄ[0m
                                                                         [1;30mú[0;35mÍ[1mþÍ[30mú[0m
    [1;30mÄÄÄÄÄÄÄÄÄÄÄÄÄÄÄÄÄÄÄÄÄÄÄÄÄÄÄÄÄÄÄÄÄÄÄÄÄÄÄÄÄÄÄÄÄÄÄÄÄÄÄÄÄÄÄÄÄÄÄÄÄÄÄÄÄÄÄÄÄÄÄ[0m
                                                                          [1;30mú[0;35mÍ[1mÍ[30mú[0m
   ÄÄÄÄÄÄÄÄÄÄÄÄÄÄÄÄÄÄÄÄÄÄÄÄÄÄÄÄÄÄÄÄÄÄÄÄÄÄÄÄÄÄÄÄÄÄÄÄÄÄÄÄÄÄÄÄÄÄÄÄÄÄÄÄÄÄÄÄÄÄÄÄÄ
                                                                          [1;30mú[0;35mÍ[1;30mú[0m
[1m  [0mÄÄÄÄÄÄÄÄÄÄÄÄÄÄÄÄÄÄÄÄÄÄÄÄÄÄÄÄÄÄÄÄÄÄÄÄÄÄÄÄÄÄÄÄÄÄÄÄÄÄÄÄÄÄÄÄÄÄÄÄÄÄÄÄÄÄÄÄÄÄÄÄÄÄÄ

[1m ÄÄÄÄÄÄÄÄÄÄÄÄÄÄÄÄÄÄÄÄÄÄÄÄÄÄÄÄÄÄÄÄÄÄÄÄÄÄÄÄÄÄÄÄÄÄÄÄÄÄÄÄÄÄÄÄÄÄÄÄÄÄÄÄÄÄÄÄÄÄÄÄÄÄÄÄÄ[0m
                                                                            [1;30mcf[0m
[1mÄÄÄÄÄÄÄÄÄÄÄÄÄÄÄÄÄÄÄÄÄÄÄÄÄÄÄÄÄÄÄÄÄÄÄÄÄÄÄÄÄÄÄÄÄÄÄÄÄÄÄÄÄÄÄÄÄÄÄÄÄÄÄÄÄÄÄÄÄÄÄÄÄÄÄÄÄÄÄ[0m
