[0m
  [1;30mßßßß   [37mÜÜ[47mßßßßß[40mÜ[0mÜ
  [1;30mßßß[0m   [1mÛ[0;46mßß[1;36mÜßß[0;36mÛÛÛ[37;46mß[40mÛ
       [1mÛ[0mÛ[36mÛ[1mÛ[0;36mÛÛÛÛÛÛÛÛ[37mÛ         [1;30mÚÄÄÄÄ¿[0m [1;30mÚÄÄÄÄ¿[0m [1;30mÚÄÄÄÄ¿[0m [1;30mÚÄÄÄÄ¿ ÚÄÄÄÄ¿[0m [1;30m¿    Ú[0m
  ß    [1mß[47mÜ[0;36mÛ[1;46mß[0;36mÛÛÛÛÛÛÛ[47mß[37;40mß         [1;30mÀÄÄÄÄ¿[0m [1;30mÃÄÄÄÄ  ÃÄÄÄÄ´[0m [1;30mÃÄÄÄÂÙ ³      ÃÄÄÄÄ´[0m
  ÜÜ    [1mß[0;36;47mßß[40mÛÛÛÛÛ[47mßß[1;30mÜ[0mÜ         [1;30mÀÄÄÄÄÙ[0m [1;30mÀÄÄÄÄÙ[0m [1;30mÙ    À[0m [1;30mÙ   À[0m  [1;30mÀÄÄÄÄÙ[0m [1;30mÙ    À[0m
  ß[1;30mß[0m  ß    ßßßßß[1;30mßÛ[0mÛ[1;47mßÜ[0mÜ
  ÜÜ  ÜÜ          [1;30mß[47mÜ[0mÛ[1;47mßÜ[0mÜ
  ß[1;30mß[0m  ß[1;30mß[0m  ß         [1;30mß[47mÜÜ[40mß[0m
